// Jest Snapshot v1, https://goo.gl/fbAQLP

exports[`Image component tests snapshot with all the passed props 1`] = `
<img
  alt="new placeholder image"
  class="sc-bcXHqe fZAhUH test"
  height="20"
  src="a.png"
  width="20"
/>
`;

exports[`Image component tests snapshot without optional props 1`] = `
<img
  alt="placeholder image"
  class="sc-bcXHqe fZAhUH"
  height="50"
  src="https://via.placeholder.com/100x100"
  width="50"
/>
`;
